Archive member included to satisfy reference by file (symbol)

C:/ST/STM32CubeCLT_1.15.0/GNU-tools-for-STM32/bin/../lib/gcc/arm-none-eabi/12.3.1/thumb/v7e-m+fp/hard\libgcc.a(_aeabi_uldivmod.o)
                              cmake/stm32cubemx/CMakeFiles/STM32_Drivers.dir/__/__/Drivers/STM32F4xx_HAL_Driver/Src/stm32f4xx_hal_uart.c.obj (__aeabi_uldivmod)
C:/ST/STM32CubeCLT_1.15.0/GNU-tools-for-STM32/bin/../lib/gcc/arm-none-eabi/12.3.1/thumb/v7e-m+fp/hard\libgcc.a(_udivmoddi4.o)
                              C:/ST/STM32CubeCLT_1.15.0/GNU-tools-for-STM32/bin/../lib/gcc/arm-none-eabi/12.3.1/thumb/v7e-m+fp/hard\libgcc.a(_aeabi_uldivmod.o) (__udivmoddi4)
C:/ST/STM32CubeCLT_1.15.0/GNU-tools-for-STM32/bin/../lib/gcc/arm-none-eabi/12.3.1/thumb/v7e-m+fp/hard\libgcc.a(_dvmd_tls.o)
                              C:/ST/STM32CubeCLT_1.15.0/GNU-tools-for-STM32/bin/../lib/gcc/arm-none-eabi/12.3.1/thumb/v7e-m+fp/hard\libgcc.a(_aeabi_uldivmod.o) (__aeabi_ldiv0)
C:/ST/STM32CubeCLT_1.15.0/GNU-tools-for-STM32/bin/../lib/gcc/arm-none-eabi/12.3.1/../../../../arm-none-eabi/lib/thumb/v7e-m+fp/hard\libg_nano.a(libc_a-exit.o)
                              C:/ST/STM32CubeCLT_1.15.0/GNU-tools-for-STM32/bin/../lib/gcc/arm-none-eabi/12.3.1/../../../../arm-none-eabi/lib/thumb/v7e-m+fp/hard/crt0.o (exit)
C:/ST/STM32CubeCLT_1.15.0/GNU-tools-for-STM32/bin/../lib/gcc/arm-none-eabi/12.3.1/../../../../arm-none-eabi/lib/thumb/v7e-m+fp/hard\libg_nano.a(libc_a-findfp.o)
                              C:/ST/STM32CubeCLT_1.15.0/GNU-tools-for-STM32/bin/../lib/gcc/arm-none-eabi/12.3.1/../../../../arm-none-eabi/lib/thumb/v7e-m+fp/hard\libg_nano.a(libc_a-exit.o) (__stdio_exit_handler)
C:/ST/STM32CubeCLT_1.15.0/GNU-tools-for-STM32/bin/../lib/gcc/arm-none-eabi/12.3.1/../../../../arm-none-eabi/lib/thumb/v7e-m+fp/hard\libg_nano.a(libc_a-fwalk.o)
                              C:/ST/STM32CubeCLT_1.15.0/GNU-tools-for-STM32/bin/../lib/gcc/arm-none-eabi/12.3.1/../../../../arm-none-eabi/lib/thumb/v7e-m+fp/hard\libg_nano.a(libc_a-findfp.o) (_fwalk_sglue)
C:/ST/STM32CubeCLT_1.15.0/GNU-tools-for-STM32/bin/../lib/gcc/arm-none-eabi/12.3.1/../../../../arm-none-eabi/lib/thumb/v7e-m+fp/hard\libg_nano.a(libc_a-stdio.o)
                              C:/ST/STM32CubeCLT_1.15.0/GNU-tools-for-STM32/bin/../lib/gcc/arm-none-eabi/12.3.1/../../../../arm-none-eabi/lib/thumb/v7e-m+fp/hard\libg_nano.a(libc_a-findfp.o) (__sread)
C:/ST/STM32CubeCLT_1.15.0/GNU-tools-for-STM32/bin/../lib/gcc/arm-none-eabi/12.3.1/../../../../arm-none-eabi/lib/thumb/v7e-m+fp/hard\libg_nano.a(libc_a-memset.o)
                              C:/ST/STM32CubeCLT_1.15.0/GNU-tools-for-STM32/bin/../lib/gcc/arm-none-eabi/12.3.1/../../../../arm-none-eabi/lib/thumb/v7e-m+fp/hard/crt0.o (memset)
C:/ST/STM32CubeCLT_1.15.0/GNU-tools-for-STM32/bin/../lib/gcc/arm-none-eabi/12.3.1/../../../../arm-none-eabi/lib/thumb/v7e-m+fp/hard\libg_nano.a(libc_a-closer.o)
                              C:/ST/STM32CubeCLT_1.15.0/GNU-tools-for-STM32/bin/../lib/gcc/arm-none-eabi/12.3.1/../../../../arm-none-eabi/lib/thumb/v7e-m+fp/hard\libg_nano.a(libc_a-stdio.o) (_close_r)
C:/ST/STM32CubeCLT_1.15.0/GNU-tools-for-STM32/bin/../lib/gcc/arm-none-eabi/12.3.1/../../../../arm-none-eabi/lib/thumb/v7e-m+fp/hard\libg_nano.a(libc_a-reent.o)
                              C:/ST/STM32CubeCLT_1.15.0/GNU-tools-for-STM32/bin/../lib/gcc/arm-none-eabi/12.3.1/../../../../arm-none-eabi/lib/thumb/v7e-m+fp/hard\libg_nano.a(libc_a-closer.o) (errno)
C:/ST/STM32CubeCLT_1.15.0/GNU-tools-for-STM32/bin/../lib/gcc/arm-none-eabi/12.3.1/../../../../arm-none-eabi/lib/thumb/v7e-m+fp/hard\libg_nano.a(libc_a-impure.o)
                              C:/ST/STM32CubeCLT_1.15.0/GNU-tools-for-STM32/bin/../lib/gcc/arm-none-eabi/12.3.1/../../../../arm-none-eabi/lib/thumb/v7e-m+fp/hard\libg_nano.a(libc_a-reent.o) (_impure_ptr)
C:/ST/STM32CubeCLT_1.15.0/GNU-tools-for-STM32/bin/../lib/gcc/arm-none-eabi/12.3.1/../../../../arm-none-eabi/lib/thumb/v7e-m+fp/hard\libg_nano.a(libc_a-lseekr.o)
                              C:/ST/STM32CubeCLT_1.15.0/GNU-tools-for-STM32/bin/../lib/gcc/arm-none-eabi/12.3.1/../../../../arm-none-eabi/lib/thumb/v7e-m+fp/hard\libg_nano.a(libc_a-stdio.o) (_lseek_r)
C:/ST/STM32CubeCLT_1.15.0/GNU-tools-for-STM32/bin/../lib/gcc/arm-none-eabi/12.3.1/../../../../arm-none-eabi/lib/thumb/v7e-m+fp/hard\libg_nano.a(libc_a-readr.o)
                              C:/ST/STM32CubeCLT_1.15.0/GNU-tools-for-STM32/bin/../lib/gcc/arm-none-eabi/12.3.1/../../../../arm-none-eabi/lib/thumb/v7e-m+fp/hard\libg_nano.a(libc_a-stdio.o) (_read_r)
C:/ST/STM32CubeCLT_1.15.0/GNU-tools-for-STM32/bin/../lib/gcc/arm-none-eabi/12.3.1/../../../../arm-none-eabi/lib/thumb/v7e-m+fp/hard\libg_nano.a(libc_a-writer.o)
                              C:/ST/STM32CubeCLT_1.15.0/GNU-tools-for-STM32/bin/../lib/gcc/arm-none-eabi/12.3.1/../../../../arm-none-eabi/lib/thumb/v7e-m+fp/hard\libg_nano.a(libc_a-stdio.o) (_write_r)
[...]
Memory Configuration

Name             Origin             Length             Attributes
RAM              0x20000000         0x00020000         xrw
CCMRAM           0x10000000         0x00010000         xrw
FLASH            0x0800c000         0x000f4000         xr
APP_HEADER       0x08008000         0x00004000         rw
*default*        0x00000000         0xffffffff

Linker script and memory map

LOAD C:/ST/STM32CubeCLT_1.15.0/GNU-tools-for-STM32/bin/../lib/gcc/arm-none-eabi/12.3.1/thumb/v7e-m+fp/hard/crti.o
LOAD C:/ST/STM32CubeCLT_1.15.0/GNU-tools-for-STM32/bin/../lib/gcc/arm-none-eabi/12.3.1/thumb/v7e-m+fp/hard/crtbegin.o
LOAD C:/ST/STM32CubeCLT_1.15.0/GNU-tools-for-STM32/bin/../lib/gcc/arm-none-eabi/12.3.1/../../../../arm-none-eabi/lib/thumb/v7e-m+fp/hard/crt0.o
LOAD cmake/stm32cubemx/CMakeFiles/STM32_Drivers.dir/__/__/Core/Src/system_stm32f4xx.c.obj
LOAD cmake/stm32cubemx/CMakeFiles/STM32_Drivers.dir/__/__/Drivers/STM32F4xx_HAL_Driver/Src/stm32f4xx_hal_uart.c.obj
LOAD cmake/stm32cubemx/CMakeFiles/STM32_Drivers.dir/__/__/Drivers/STM32F4xx_HAL_Driver/Src/stm32f4xx_hal_rcc.c.obj
LOAD cmake/stm32cubemx/CMakeFiles/STM32_Drivers.dir/__/__/Drivers/STM32F4xx_HAL_Driver/Src/stm32f4xx_hal_rcc_ex.c.obj
LOAD cmake/stm32cubemx/CMakeFiles/STM32_Drivers.dir/__/__/Drivers/STM32F4xx_HAL_Driver/Src/stm32f4xx_hal_flash.c.obj
LOAD cmake/stm32cubemx/CMakeFiles/STM32_Drivers.dir/__/__/Drivers/STM32F4xx_HAL_Driver/Src/stm32f4xx_hal_flash_ex.c.obj
LOAD cmake/stm32cubemx/CMakeFiles/STM32_Drivers.dir/__/__/Drivers/STM32F4xx_HAL_Driver/Src/stm32f4xx_hal_flash_ramfunc.c.obj
LOAD cmake/stm32cubemx/CMakeFiles/STM32_Drivers.dir/__/__/Drivers/STM32F4xx_HAL_Driver/Src/stm32f4xx_hal_gpio.c.obj
LOAD cmake/stm32cubemx/CMakeFiles/STM32_Drivers.dir/__/__/Drivers/STM32F4xx_HAL_Driver/Src/stm32f4xx_hal_dma_ex.c.obj
LOAD cmake/stm32cubemx/CMakeFiles/STM32_Drivers.dir/__/__/Drivers/STM32F4xx_HAL_Driver/Src/stm32f4xx_hal_dma.c.obj
LOAD cmake/stm32cubemx/CMakeFiles/STM32_Drivers.dir/__/__/Drivers/STM32F4xx_HAL_Driver/Src/stm32f4xx_hal_pwr.c.obj
LOAD cmake/stm32cubemx/CMakeFiles/STM32_Drivers.dir/__/__/Drivers/STM32F4xx_HAL_Driver/Src/stm32f4xx_hal_pwr_ex.c.obj
LOAD cmake/stm32cubemx/CMakeFiles/STM32_Drivers.dir/__/__/Drivers/STM32F4xx_HAL_Driver/Src/stm32f4xx_hal_cortex.c.obj
LOAD cmake/stm32cubemx/CMakeFiles/STM32_Drivers.dir/__/__/Drivers/STM32F4xx_HAL_Driver/Src/stm32f4xx_hal.c.obj
LOAD cmake/stm32cubemx/CMakeFiles/STM32_Drivers.dir/__/__/Drivers/STM32F4xx_HAL_Driver/Src/stm32f4xx_hal_exti.c.obj
LOAD CMakeFiles/application.dir/Core/Src/main.c.obj
LOAD CMakeFiles/application.dir/Core/Src/stm32f4xx_it.c.obj
LOAD CMakeFiles/application.dir/Core/Src/stm32f4xx_hal_msp.c.obj
LOAD CMakeFiles/application.dir/Core/Src/sysmem.c.obj
LOAD CMakeFiles/application.dir/Core/Src/syscalls.c.obj
LOAD CMakeFiles/application.dir/startup_stm32f407xx.s.obj
LOAD CMakeFiles/application.dir/Core/Src/app_ota.c.obj
LOAD CMakeFiles/application.dir/Core/Src/flash_operations.c.obj
LOAD C:/ST/STM32CubeCLT_1.15.0/GNU-tools-for-STM32/bin/../lib/gcc/arm-none-eabi/12.3.1/../../../../arm-none-eabi/lib/thumb/v7e-m+fp/hard\libm.a
START GROUP
LOAD C:/ST/STM32CubeCLT_1.15.0/GNU-tools-for-STM32/bin/../lib/gcc/arm-none-eabi/12.3.1/thumb/v7e-m+fp/hard\libgcc.a
LOAD C:/ST/STM32CubeCLT_1.15.0/GNU-tools-for-STM32/bin/../lib/gcc/arm-none-eabi/12.3.1/../../../../arm-none-eabi/lib/thumb/v7e-m+fp/hard\libg_nano.a
LOAD C:/ST/STM32CubeCLT_1.15.0/GNU-tools-for-STM32/bin/../lib/gcc/arm-none-eabi/12.3.1/../../../../arm-none-eabi/lib/thumb/v7e-m+fp/hard\libc_nano.a
END GROUP
START GROUP
LOAD C:/ST/STM32CubeCLT_1.15.0/GNU-tools-for-STM32/bin/../lib/gcc/arm-none-eabi/12.3.1/thumb/v7e-m+fp/hard\libgcc.a
LOAD C:/ST/STM32CubeCLT_1.15.0/GNU-tools-for-STM32/bin/../lib/gcc/arm-none-eabi/12.3.1/../../../../arm-none-eabi/lib/thumb/v7e-m+fp/hard\libc_nano.a
END GROUP
LOAD C:/ST/STM32CubeCLT_1.15.0/GNU-tools-for-STM32/bin/../lib/gcc/arm-none-eabi/12.3.1/thumb/v7e-m+fp/hard/crtend.o
LOAD C:/ST/STM32CubeCLT_1.15.0/GNU-tools-for-STM32/bin/../lib/gcc/arm-none-eabi/12.3.1/thumb/v7e-m+fp/hard/crtn.o
                0x20020000                        _estack = (ORIGIN (RAM) + LENGTH (RAM))
                0x00000200                        _Min_Heap_Size = 0x200
                0x00000400                        _Min_Stack_Size = 0x400

.isr_vector     0x0800c000      0x188
                0x0800c000                        . = ALIGN (0x4)
 *(.isr_vector)
 .isr_vector    0x0800c000      0x188 CMakeFiles/application.dir/startup_stm32f407xx.s.obj
                0x0800c000                g_pfnVectors
                0x0800c188                        . = ALIGN (0x4)

.text           0x0800c188     0x274c
                0x0800c188                        . = ALIGN (0x4)
 *(.text)
 .text          0x0800c188       0x40 C:/ST/STM32CubeCLT_1.15.0/GNU-tools-for-STM32/bin/../lib/gcc/arm-none-eabi/12.3.1/thumb/v7e-m+fp/hard/crtbegin.o
 .text          0x0800c1c8       0x30 C:/ST/STM32CubeCLT_1.15.0/GNU-tools-for-STM32/bin/../lib/gcc/arm-none-eabi/12.3.1/thumb/v7e-m+fp/hard\libgcc.a(_aeabi_uldivmod.o)
                0x0800c1c8                __aeabi_uldivmod
 .text          0x0800c1f8      0x2bc C:/ST/STM32CubeCLT_1.15.0/GNU-tools-for-STM32/bin/../lib/gcc/arm-none-eabi/12.3.1/thumb/v7e-m+fp/hard\libgcc.a(_udivmoddi4.o)
                0x0800c1f8                __udivmoddi4
 .text          0x0800c4b4        0x4 C:/ST/STM32CubeCLT_1.15.0/GNU-tools-for-STM32/bin/../lib/gcc/arm-none-eabi/12.3.1/thumb/v7e-m+fp/hard\libgcc.a(_dvmd_tls.o)
                0x0800c4b4                __aeabi_idiv0
                0x0800c4b4                __aeabi_ldiv0
 *(.text*)
 .text.SystemInit
                0x0800c4b8       0x24 cmake/stm32cubemx/CMakeFiles/STM32_Drivers.dir/__/__/Core/Src/system_stm32f4xx.c.obj
                0x0800c4b8                SystemInit
 .text.HAL_UART_Init
                0x0800c4dc       0xa0 cmake/stm32cubemx/CMakeFiles/STM32_Drivers.dir/__/__/Drivers/STM32F4xx_HAL_Driver/Src/stm32f4xx_hal_uart.c.obj
                0x0800c4dc                HAL_UART_Init
 .text.HAL_UART_Transmit
                0x0800c57c      0x116 cmake/stm32cubemx/CMakeFiles/STM32_Drivers.dir/__/__/Drivers/STM32F4xx_HAL_Driver/Src/stm32f4xx_hal_uart.c.obj
                0x0800c57c                HAL_UART_Transmit
 .text.UART_WaitOnFlagUntilTimeout
                0x0800c692       0xb2 cmake/stm32cubemx/CMakeFiles/STM32_Drivers.dir/__/__/Drivers/STM32F4xx_HAL_Driver/Src/stm32f4xx_hal_uart.c.obj
 .text.UART_EndRxTransfer
                0x0800c744       0xc6 cmake/stm32cubemx/CMakeFiles/STM32_Drivers.dir/__/__/Drivers/STM32F4xx_HAL_Driver/Src/stm32f4xx_hal_uart.c.obj
 *fill*         0x0800c80a        0x2 
 .text.UART_SetConfig
                0x0800c80c      0x4e8 cmake/stm32cubemx/CMakeFiles/STM32_Drivers.dir/__/__/Drivers/STM32F4xx_HAL_Driver/Src/stm32f4xx_hal_uart.c.obj
 .text.HAL_RCC_OscConfig
                0x0800ccf4      0x4f0 cmake/stm32cubemx/CMakeFiles/STM32_Drivers.dir/__/__/Drivers/STM32F4xx_HAL_Driver/Src/stm32f4xx_hal_rcc.c.obj
                0x0800ccf4                HAL_RCC_OscConfig
 .text.HAL_RCC_ClockConfig
                0x0800d1e4      0x1cc cmake/stm32cubemx/CMakeFiles/STM32_Drivers.dir/__/__/Drivers/STM32F4xx_HAL_Driver/Src/stm32f4xx_hal_rcc.c.obj
                0x0800d1e4                HAL_RCC_ClockConfig
 .text.HAL_RCC_GetSysClockFreq
                0x0800d3b0      0x20c cmake/stm32cubemx/CMakeFiles/STM32_Drivers.dir/__/__/Drivers/STM32F4xx_HAL_Driver/Src/stm32f4xx_hal_rcc.c.obj
                0x0800d3b0                HAL_RCC_GetSysClockFreq
 .text.HAL_RCC_GetHCLKFreq
                0x0800d5bc       0x18 cmake/stm32cubemx/CMakeFiles/STM32_Drivers.dir/__/__/Drivers/STM32F4xx_HAL_Driver/Src/stm32f4xx_hal_rcc.c.obj
                0x0800d5bc                HAL_RCC_GetHCLKFreq
 .text.HAL_RCC_GetPCLK1Freq
                0x0800d5d4       0x28 cmake/stm32cubemx/CMakeFiles/STM32_Drivers.dir/__/__/Drivers/STM32F4xx_HAL_Driver/Src/stm32f4xx_hal_rcc.c.obj
                0x0800d5d4                HAL_RCC_GetPCLK1Freq
 .text.HAL_RCC_GetPCLK2Freq
                0x0800d5fc       0x28 cmake/stm32cubemx/CMakeFiles/STM32_Drivers.dir/__/__/Drivers/STM32F4xx_HAL_Driver/Src/stm32f4xx_hal_rcc.c.obj
                0x0800d5fc                HAL_RCC_GetPCLK2Freq
 .text.HAL_FLASH_Program
                0x0800d624       0xa4 cmake/stm32cubemx/CMakeFiles/STM32_Drivers.dir/__/__/Drivers/STM32F4xx_HAL_Driver/Src/stm32f4xx_hal_flash.c.obj
                0x0800d624                HAL_FLASH_Program
 .text.HAL_FLASH_Unlock
                0x0800d6c8       0x44 cmake/stm32cubemx/CMakeFiles/STM32_Drivers.dir/__/__/Drivers/STM32F4xx_HAL_Driver/Src/stm32f4xx_hal_flash.c.obj
                0x0800d6c8                HAL_FLASH_Unlock
 .text.HAL_FLASH_Lock
                0x0800d70c       0x20 cmake/stm32cubemx/CMakeFiles/STM32_Drivers.dir/__/__/Drivers/STM32F4xx_HAL_Driver/Src/stm32f4xx_hal_flash.c.obj
                0x0800d70c                HAL_FLASH_Lock
 .text.FLASH_WaitForLastOperation
                0x0800d72c       0x80 cmake/stm32cubemx/CMakeFiles/STM32_Drivers.dir/__/__/Drivers/STM32F4xx_HAL_Driver/Src/stm32f4xx_hal_flash.c.obj
                0x0800d72c                FLASH_WaitForLastOperation
 .text.FLASH_Program_DoubleWord
                0x0800d7ac       0x64 cmake/stm32cubemx/CMakeFiles/STM32_Drivers.dir/__/__/Drivers/STM32F4xx_HAL_Driver/Src/stm32f4xx_hal_flash.c.obj
 .text.FLASH_Program_Word
                0x0800d810       0x44 cmake/stm32cubemx/CMakeFiles/STM32_Drivers.dir/__/__/Drivers/STM32F4xx_HAL_Driver/Src/stm32f4xx_hal_flash.c.obj
 .text.FLASH_Program_HalfWord
                0x0800d854       0x48 cmake/stm32cubemx/CMakeFiles/STM32_Drivers.dir/__/__/Drivers/STM32F4xx_HAL_Driver/Src/stm32f4xx_hal_flash.c.obj
 .text.FLASH_Program_Byte
                0x0800d89c       0x44 cmake/stm32cubemx/CMakeFiles/STM32_Drivers.dir/__/__/Drivers/STM32F4xx_HAL_Driver/Src/stm32f4xx_hal_flash.c.obj
 .text.FLASH_SetErrorCode
                0x0800d8e0       0xac cmake/stm32cubemx/CMakeFiles/STM32_Drivers.dir/__/__/Drivers/STM32F4xx_HAL_Driver/Src/stm32f4xx_hal_flash.c.obj
 .text.HAL_FLASHEx_Erase
                0x0800d98c       0xdc cmake/stm32cubemx/CMakeFiles/STM32_Drivers.dir/__/__/Drivers/STM32F4xx_HAL_Driver/Src/stm32f4xx_hal_flash_ex.c.obj
                0x0800d98c                HAL_FLASHEx_Erase
 .text.FLASH_MassErase
                0x0800da68       0x48 cmake/stm32cubemx/CMakeFiles/STM32_Drivers.dir/__/__/Drivers/STM32F4xx_HAL_Driver/Src/stm32f4xx_hal_flash_ex.c.obj
 .text.FLASH_Erase_Sector
                0x0800dab0       0x90 cmake/stm32cubemx/CMakeFiles/STM32_Drivers.dir/__/__/Drivers/STM32F4xx_HAL_Driver/Src/stm32f4xx_hal_flash_ex.c.obj
                0x0800dab0                FLASH_Erase_Sector
 .text.FLASH_FlushCaches
                0x0800db40       0x8c cmake/stm32cubemx/CMakeFiles/STM32_Drivers.dir/__/__/Drivers/STM32F4xx_HAL_Driver/Src/stm32f4xx_hal_flash_ex.c.obj
                0x0800db40                FLASH_FlushCaches
 .text.HAL_GPIO_Init
                0x0800dbcc      0x338 cmake/stm32cubemx/CMakeFiles/STM32_Drivers.dir/__/__/Drivers/STM32F4xx_HAL_Driver/Src/stm32f4xx_hal_gpio.c.obj
                0x0800dbcc                HAL_GPIO_Init
 .text.HAL_GPIO_WritePin
                0x0800df04       0x32 cmake/stm32cubemx/CMakeFiles/STM32_Drivers.dir/__/__/Drivers/STM32F4xx_HAL_Driver/Src/stm32f4xx_hal_gpio.c.obj
                0x0800df04                HAL_GPIO_WritePin
 .text.HAL_GPIO_TogglePin
                0x0800df36       0x34 cmake/stm32cubemx/CMakeFiles/STM32_Drivers.dir/__/__/Drivers/STM32F4xx_HAL_Driver/Src/stm32f4xx_hal_gpio.c.obj
                0x0800df36                HAL_GPIO_TogglePin
 *fill*         0x0800df6a        0x2 
 .text.HAL_GPIO_EXTI_IRQHandler
                0x0800df6c       0x30 cmake/stm32cubemx/CMakeFiles/STM32_Drivers.dir/__/__/Drivers/STM32F4xx_HAL_Driver/Src/stm32f4xx_hal_gpio.c.obj
                0x0800df6c                HAL_GPIO_EXTI_IRQHandler
 .text.__NVIC_SetPriorityGrouping
                0x0800df9c       0x48 cmake/stm32cubemx/CMakeFiles/STM32_Drivers.dir/__/__/Drivers/STM32F4xx_HAL_Driver/Src/stm32f4xx_hal_cortex.c.obj
 .text.__NVIC_GetPriorityGrouping
                0x0800dfe4       0x1c cmake/stm32cubemx/CMakeFiles/STM32_Drivers.dir/__/__/Drivers/STM32F4xx_HAL_Driver/Src/stm32f4xx_hal_cortex.c.obj
 .text.__NVIC_EnableIRQ
                0x0800e000       0x3c cmake/stm32cubemx/CMakeFiles/STM32_Drivers.dir/__/__/Drivers/STM32F4xx_HAL_Driver/Src/stm32f4xx_hal_cortex.c.obj
 .text.__NVIC_SetPriority
                0x0800e03c       0x54 cmake/stm32cubemx/CMakeFiles/STM32_Drivers.dir/__/__/Drivers/STM32F4xx_HAL_Driver/Src/stm32f4xx_hal_cortex.c.obj
 .text.NVIC_EncodePriority
                0x0800e090       0x66 cmake/stm32cubemx/CMakeFiles/STM32_Drivers.dir/__/__/Drivers/STM32F4xx_HAL_Driver/Src/stm32f4xx_hal_cortex.c.obj
 *fill*         0x0800e0f6        0x2 
 .text.SysTick_Config
                0x0800e0f8       0x44 cmake/stm32cubemx/CMakeFiles/STM32_Drivers.dir/__/__/Drivers/STM32F4xx_HAL_Driver/Src/stm32f4xx_hal_cortex.c.obj
 .text.HAL_NVIC_SetPriorityGrouping
                0x0800e13c       0x16 cmake/stm32cubemx/CMakeFiles/STM32_Drivers.dir/__/__/Drivers/STM32F4xx_HAL_Driver/Src/stm32f4xx_hal_cortex.c.obj
                0x0800e13c                HAL_NVIC_SetPriorityGrouping
 .text.HAL_NVIC_SetPriority
                0x0800e152       0x38 cmake/stm32cubemx/CMakeFiles/STM32_Drivers.dir/__/__/Drivers/STM32F4xx_HAL_Driver/Src/stm32f4xx_hal_cortex.c.obj
                0x0800e152                HAL_NVIC_SetPriority
 .text.HAL_NVIC_EnableIRQ
                0x0800e18a       0x1c cmake/stm32cubemx/CMakeFiles/STM32_Drivers.dir/__/__/Drivers/STM32F4xx_HAL_Driver/Src/stm32f4xx_hal_cortex.c.obj
                0x0800e18a                HAL_NVIC_EnableIRQ
 .text.HAL_SYSTICK_Config
                0x0800e1a6       0x18 cmake/stm32cubemx/CMakeFiles/STM32_Drivers.dir/__/__/Drivers/STM32F4xx_HAL_Driver/Src/stm32f4xx_hal_cortex.c.obj
                0x0800e1a6                HAL_SYSTICK_Config
 *fill*         0x0800e1be        0x2 
 .text.HAL_Init
                0x0800e1c0       0x44 cmake/stm32cubemx/CMakeFiles/STM32_Drivers.dir/__/__/Drivers/STM32F4xx_HAL_Driver/Src/stm32f4xx_hal.c.obj
                0x0800e1c0                HAL_Init
 .text.HAL_InitTick
                0x0800e204       0x60 cmake/stm32cubemx/CMakeFiles/STM32_Drivers.dir/__/__/Drivers/STM32F4xx_HAL_Driver/Src/stm32f4xx_hal.c.obj
                0x0800e204                HAL_InitTick
 .text.HAL_IncTick
                0x0800e264       0x28 cmake/stm32cubemx/CMakeFiles/STM32_Drivers.dir/__/__/Drivers/STM32F4xx_HAL_Driver/Src/stm32f4xx_hal.c.obj
                0x0800e264                HAL_IncTick
 .text.HAL_GetTick
                0x0800e28c       0x18 cmake/stm32cubemx/CMakeFiles/STM32_Drivers.dir/__/__/Drivers/STM32F4xx_HAL_Driver/Src/stm32f4xx_hal.c.obj
                0x0800e28c                HAL_GetTick
 .text.HAL_Delay
                0x0800e2a4       0x48 cmake/stm32cubemx/CMakeFiles/STM32_Drivers.dir/__/__/Drivers/STM32F4xx_HAL_Driver/Src/stm32f4xx_hal.c.obj
                0x0800e2a4                HAL_Delay
 .text.HAL_GPIO_EXTI_Callback
                0x0800e2ec       0x28 CMakeFiles/application.dir/Core/Src/main.c.obj
                0x0800e2ec                HAL_GPIO_EXTI_Callback
 .text.main     0x0800e314       0x84 CMakeFiles/application.dir/Core/Src/main.c.obj
                0x0800e314                main
 .text.SystemClock_Config
                0x0800e398       0xd4 CMakeFiles/application.dir/Core/Src/main.c.obj
                0x0800e398                SystemClock_Config
 .text.MX_USART2_UART_Init
                0x0800e46c       0x54 CMakeFiles/application.dir/Core/Src/main.c.obj
 .text.MX_GPIO_Init
                0x0800e4c0       0xd4 CMakeFiles/application.dir/Core/Src/main.c.obj
 .text.Error_Handler
                0x0800e594        0xc CMakeFiles/application.dir/Core/Src/main.c.obj
                0x0800e594                Error_Handler
 .text.NMI_Handler
                0x0800e5a0        0x8 CMakeFiles/application.dir/Core/Src/stm32f4xx_it.c.obj
                0x0800e5a0                NMI_Handler
 .text.HardFault_Handler
                0x0800e5a8        0x8 CMakeFiles/application.dir/Core/Src/stm32f4xx_it.c.obj
                0x0800e5a8                HardFault_Handler
 .text.MemManage_Handler
                0x0800e5b0        0x8 CMakeFiles/application.dir/Core/Src/stm32f4xx_it.c.obj
                0x0800e5b0                MemManage_Handler
 .text.BusFault_Handler
                0x0800e5b8        0x8 CMakeFiles/application.dir/Core/Src/stm32f4xx_it.c.obj
                0x0800e5b8                BusFault_Handler
 .text.UsageFault_Handler
                0x0800e5c0        0x8 CMakeFiles/application.dir/Core/Src/stm32f4xx_it.c.obj
                0x0800e5c0                UsageFault_Handler
 .text.SVC_Handler
                0x0800e5c8        0xe CMakeFiles/application.dir/Core/Src/stm32f4xx_it.c.obj
                0x0800e5c8                SVC_Handler
 .text.DebugMon_Handler
                0x0800e5d6        0xe CMakeFiles/application.dir/Core/Src/stm32f4xx_it.c.obj
                0x0800e5d6                DebugMon_Handler
 .text.PendSV_Handler
                0x0800e5e4        0xe CMakeFiles/application.dir/Core/Src/stm32f4xx_it.c.obj
                0x0800e5e4                PendSV_Handler
 .text.SysTick_Handler
                0x0800e5f2        0xc CMakeFiles/application.dir/Core/Src/stm32f4xx_it.c.obj
                0x0800e5f2                SysTick_Handler
 .text.EXTI0_IRQHandler
                0x0800e5fe        0xe CMakeFiles/application.dir/Core/Src/stm32f4xx_it.c.obj
                0x0800e5fe                EXTI0_IRQHandler
 .text.HAL_MspInit
                0x0800e60c       0x50 CMakeFiles/application.dir/Core/Src/stm32f4xx_hal_msp.c.obj
                0x0800e60c                HAL_MspInit
 .text.HAL_UART_MspInit
                0x0800e65c       0x90 CMakeFiles/application.dir/Core/Src/stm32f4xx_hal_msp.c.obj
                0x0800e65c                HAL_UART_MspInit
 .text.Reset_Handler
                0x0800e6ec       0x50 CMakeFiles/application.dir/startup_stm32f407xx.s.obj
                0x0800e6ec                Reset_Handler
 .text.Default_Handler
                0x0800e73c        0x2 CMakeFiles/application.dir/startup_stm32f407xx.s.obj
                0x0800e73c                RTC_Alarm_IRQHandler
                0x0800e73c                HASH_RNG_IRQHandler
                0x0800e73c                EXTI2_IRQHandler
                0x0800e73c                TIM8_CC_IRQHandler
                0x0800e73c                TIM1_CC_IRQHandler
                0x0800e73c                DMA2_Stream5_IRQHandler
                0x0800e73c                DMA1_Stream5_IRQHandler
                0x0800e73c                PVD_IRQHandler
                0x0800e73c                SDIO_IRQHandler
                0x0800e73c                TAMP_STAMP_IRQHandler
                0x0800e73c                CAN2_RX1_IRQHandler
                0x0800e73c                EXTI3_IRQHandler
                0x0800e73c                TIM8_TRG_COM_TIM14_IRQHandler
                0x0800e73c                TIM1_UP_TIM10_IRQHandler
                0x0800e73c                TIM8_UP_TIM13_IRQHandler
                0x0800e73c                I2C3_ER_IRQHandler
                0x0800e73c                I2C2_EV_IRQHandler
                0x0800e73c                DMA1_Stream2_IRQHandler
                0x0800e73c                CAN1_RX0_IRQHandler
                0x0800e73c                FPU_IRQHandler
                0x0800e73c                OTG_HS_WKUP_IRQHandler
                0x0800e73c                CAN2_SCE_IRQHandler
                0x0800e73c                DMA2_Stream2_IRQHandler
                0x0800e73c                SPI1_IRQHandler
                0x0800e73c                TIM6_DAC_IRQHandler
                0x0800e73c                TIM1_BRK_TIM9_IRQHandler
                0x0800e73c                DCMI_IRQHandler
                0x0800e73c                CAN2_RX0_IRQHandler
                0x0800e73c                DMA2_Stream3_IRQHandler
                0x0800e73c                USART6_IRQHandler
                0x0800e73c                USART3_IRQHandler
                0x0800e73c                CAN1_RX1_IRQHandler
                0x0800e73c                UART5_IRQHandler
                0x0800e73c                DMA2_Stream0_IRQHandler
                0x0800e73c                TIM4_IRQHandler
                0x0800e73c                I2C1_EV_IRQHandler
                0x0800e73c                DMA1_Stream6_IRQHandler
                0x0800e73c                DMA1_Stream1_IRQHandler
                0x0800e73c                UART4_IRQHandler
                0x0800e73c                TIM3_IRQHandler
                0x0800e73c                RCC_IRQHandler
                0x0800e73c                TIM8_BRK_TIM12_IRQHandler
                0x0800e73c                Default_Handler
                0x0800e73c                EXTI15_10_IRQHandler
                0x0800e73c                ADC_IRQHandler
                0x0800e73c                DMA1_Stream7_IRQHandler
                0x0800e73c                TIM7_IRQHandler
                0x0800e73c                CAN2_TX_IRQHandler
                0x0800e73c                TIM5_IRQHandler
                0x0800e73c                DMA2_Stream7_IRQHandler
                0x0800e73c                I2C3_EV_IRQHandler
                0x0800e73c                EXTI9_5_IRQHandler
                0x0800e73c                RTC_WKUP_IRQHandler
                0x0800e73c                ETH_WKUP_IRQHandler
                0x0800e73c                SPI2_IRQHandler
                0x0800e73c                OTG_HS_EP1_IN_IRQHandler
                0x0800e73c                DMA1_Stream0_IRQHandler
                0x0800e73c                CAN1_TX_IRQHandler
                0x0800e73c                EXTI4_IRQHandler
                0x0800e73c                FSMC_IRQHandler
                0x0800e73c                ETH_IRQHandler
                0x0800e73c                OTG_HS_EP1_OUT_IRQHandler
                0x0800e73c                WWDG_IRQHandler
                0x0800e73c                TIM2_IRQHandler
                0x0800e73c                OTG_FS_WKUP_IRQHandler
                0x0800e73c                TIM1_TRG_COM_TIM11_IRQHandler
                0x0800e73c                OTG_HS_IRQHandler
                0x0800e73c                EXTI1_IRQHandler
                0x0800e73c                USART2_IRQHandler
                0x0800e73c                I2C2_ER_IRQHandler
                0x0800e73c                DMA2_Stream1_IRQHandler
                0x0800e73c                CAN1_SCE_IRQHandler
                0x0800e73c                FLASH_IRQHandler
                0x0800e73c                DMA2_Stream4_IRQHandler
                0x0800e73c                USART1_IRQHandler
                0x0800e73c                OTG_FS_IRQHandler
                0x0800e73c                SPI3_IRQHandler
                0x0800e73c                DMA1_Stream4_IRQHandler
                0x0800e73c                I2C1_ER_IRQHandler
                0x0800e73c                DMA2_Stream6_IRQHandler
                0x0800e73c                DMA1_Stream3_IRQHandler
 *fill*         0x0800e73e        0x2 
 .text.__NVIC_SystemReset
                0x0800e740       0x2c CMakeFiles/application.dir/Core/Src/app_ota.c.obj
 .text.enable_ota_request
                0x0800e76c       0x34 CMakeFiles/application.dir/Core/Src/app_ota.c.obj
                0x0800e76c                enable_ota_request
 .text.flash_read_sector
                0x0800e7a0       0x44 CMakeFiles/application.dir/Core/Src/flash_operations.c.obj
                0x0800e7a0                flash_read_sector
 .text.flash_erase_sector
                0x0800e7e4       0x30 CMakeFiles/application.dir/Core/Src/flash_operations.c.obj
                0x0800e7e4                flash_erase_sector
 .text.flash_write_sector
                0x0800e814       0x4e CMakeFiles/application.dir/Core/Src/flash_operations.c.obj
                0x0800e814                flash_write_sector
 .text.memset   0x0800e862       0x10 C:/ST/STM32CubeCLT_1.15.0/GNU-tools-for-STM32/bin/../lib/gcc/arm-none-eabi/12.3.1/../../../../arm-none-eabi/lib/thumb/v7e-m+fp/hard\libg_nano.a(libc_a-memset.o)
                0x0800e862                memset
 *fill*         0x0800e872        0x2 
 .text.__libc_init_array
                0x0800e874       0x48 C:/ST/STM32CubeCLT_1.15.0/GNU-tools-for-STM32/bin/../lib/gcc/arm-none-eabi/12.3.1/../../../../arm-none-eabi/lib/thumb/v7e-m+fp/hard\libg_nano.a(libc_a-init.o)
                0x0800e874                __libc_init_array
 *(.glue_7)
 .glue_7        0x0800e8bc        0x0 linker stubs
 *(.glue_7t)
 .glue_7t       0x0800e8bc        0x0 linker stubs
 *(.eh_frame)
 .eh_frame      0x0800e8bc        0x0 C:/ST/STM32CubeCLT_1.15.0/GNU-tools-for-STM32/bin/../lib/gcc/arm-none-eabi/12.3.1/thumb/v7e-m+fp/hard/crtbegin.o
 *(.init)
 .init          0x0800e8bc        0x4 C:/ST/STM32CubeCLT_1.15.0/GNU-tools-for-STM32/bin/../lib/gcc/arm-none-eabi/12.3.1/thumb/v7e-m+fp/hard/crti.o
                0x0800e8bc                _init
 .init          0x0800e8c0        0x8 C:/ST/STM32CubeCLT_1.15.0/GNU-tools-for-STM32/bin/../lib/gcc/arm-none-eabi/12.3.1/thumb/v7e-m+fp/hard/crtn.o
 *(.fini)
 .fini          0x0800e8c8        0x4 C:/ST/STM32CubeCLT_1.15.0/GNU-tools-for-STM32/bin/../lib/gcc/arm-none-eabi/12.3.1/thumb/v7e-m+fp/hard/crti.o
                0x0800e8c8                _fini
 .fini          0x0800e8cc        0x8 C:/ST/STM32CubeCLT_1.15.0/GNU-tools-for-STM32/bin/../lib/gcc/arm-none-eabi/12.3.1/thumb/v7e-m+fp/hard/crtn.o
                0x0800e8d4                        . = ALIGN (0x4)
                0x0800e8d4                        _etext = .

.vfp11_veneer   0x0800e8d4        0x0
 .vfp11_veneer  0x0800e8d4        0x0 linker stubs

.v4_bx          0x0800e8d4        0x0
 .v4_bx         0x0800e8d4        0x0 linker stubs

.iplt           0x0800e8d4        0x0
 .iplt          0x0800e8d4        0x0 C:/ST/STM32CubeCLT_1.15.0/GNU-tools-for-STM32/bin/../lib/gcc/arm-none-eabi/12.3.1/thumb/v7e-m+fp/hard/crtbegin.o

.rodata         0x0800e8d4       0x30
                0x0800e8d4                        . = ALIGN (0x4)
 *(.rodata)
 .rodata        0x0800e8d4       0x15 CMakeFiles/application.dir/Core/Src/main.c.obj
 *(.rodata*)
 *fill*         0x0800e8e9        0x3 
 .rodata.AHBPrescTable
                0x0800e8ec       0x10 cmake/stm32cubemx/CMakeFiles/STM32_Drivers.dir/__/__/Core/Src/system_stm32f4xx.c.obj
                0x0800e8ec                AHBPrescTable
 .rodata.APBPrescTable
                0x0800e8fc        0x8 cmake/stm32cubemx/CMakeFiles/STM32_Drivers.dir/__/__/Core/Src/system_stm32f4xx.c.obj
                0x0800e8fc                APBPrescTable
                0x0800e904                        . = ALIGN (0x4)

.ARM.extab      0x0800e904        0x0
                0x0800e904                        . = ALIGN (0x4)
 *(.ARM.extab* .gnu.linkonce.armextab.*)
                0x0800e904                        . = ALIGN (0x4)

.ARM            0x0800e904        0x8
                0x0800e904                        . = ALIGN (0x4)
                0x0800e904                        __exidx_start = .
 *(.ARM.exidx*)
 .ARM.exidx     0x0800e904        0x8 C:/ST/STM32CubeCLT_1.15.0/GNU-tools-for-STM32/bin/../lib/gcc/arm-none-eabi/12.3.1/thumb/v7e-m+fp/hard\libgcc.a(_udivmoddi4.o)
                0x0800e90c                        __exidx_end = .
                0x0800e90c                        . = ALIGN (0x4)

.preinit_array  0x0800e90c        0x0
                0x0800e90c                        . = ALIGN (0x4)
                0x0800e90c                        PROVIDE (__preinit_array_start = .)
 *(.preinit_array*)
                0x0800e90c                        PROVIDE (__preinit_array_end = .)
                0x0800e90c                        . = ALIGN (0x4)

.init_array     0x0800e90c        0x4
                0x0800e90c                        . = ALIGN (0x4)
                0x0800e90c                        PROVIDE (__init_array_start = .)
 *(SORT_BY_NAME(.init_array.*))
 *(.init_array*)
 .init_array    0x0800e90c        0x4 C:/ST/STM32CubeCLT_1.15.0/GNU-tools-for-STM32/bin/../lib/gcc/arm-none-eabi/12.3.1/thumb/v7e-m+fp/hard/crtbegin.o
                0x0800e910                        PROVIDE (__init_array_end = .)
                0x0800e910                        . = ALIGN (0x4)

.fini_array     0x0800e910        0x4
                0x0800e910                        . = ALIGN (0x4)
                [!provide]                        PROVIDE (__fini_array_start = .)
 *(SORT_BY_NAME(.fini_array.*))
 *(.fini_array*)
 .fini_array    0x0800e910        0x4 C:/ST/STM32CubeCLT_1.15.0/GNU-tools-for-STM32/bin/../lib/gcc/arm-none-eabi/12.3.1/thumb/v7e-m+fp/hard/crtbegin.o
                [!provide]                        PROVIDE (__fini_array_end = .)
                0x0800e914                        . = ALIGN (0x4)
                0x0800e914                        _siccmram = LOADADDR (.ccmram)

.ccmram         0x10000000        0x0 load address 0x0800e914
                0x10000000                        . = ALIGN (0x4)
                0x10000000                        _sccmram = .
 *(.ccmram)
 *(.ccmram*)
                0x10000000                        . = ALIGN (0x4)
                0x10000000                        _eccmram = .
                0x0800e914                        _sidata = LOADADDR (.data)

.data           0x20000000       0x2c load address 0x0800e914
                0x20000000                        . = ALIGN (0x4)
                0x20000000                        _sdata = .
 *(.data)
 *(.data*)
 .data.SystemCoreClock
                0x20000000        0x4 cmake/stm32cubemx/CMakeFiles/STM32_Drivers.dir/__/__/Core/Src/system_stm32f4xx.c.obj
                0x20000000                SystemCoreClock
 .data.pFlash   0x20000004       0x20 cmake/stm32cubemx/CMakeFiles/STM32_Drivers.dir/__/__/Drivers/STM32F4xx_HAL_Driver/Src/stm32f4xx_hal_flash.c.obj
                0x20000004                pFlash
 .data.uwTickPrio
                0x20000024        0x4 cmake/stm32cubemx/CMakeFiles/STM32_Drivers.dir/__/__/Drivers/STM32F4xx_HAL_Driver/Src/stm32f4xx_hal.c.obj
                0x20000024                uwTickPrio
 .data.uwTickFreq
                0x20000028        0x1 cmake/stm32cubemx/CMakeFiles/STM32_Drivers.dir/__/__/Drivers/STM32F4xx_HAL_Driver/Src/stm32f4xx_hal.c.obj
                0x20000028                uwTickFreq
 *(.RamFunc)
 *(.RamFunc*)
                0x2000002c                        . = ALIGN (0x4)
 *fill*         0x20000029        0x3 

.igot.plt       0x2000002c        0x0 load address 0x0800e940
 .igot.plt      0x2000002c        0x0 C:/ST/STM32CubeCLT_1.15.0/GNU-tools-for-STM32/bin/../lib/gcc/arm-none-eabi/12.3.1/thumb/v7e-m+fp/hard/crtbegin.o

.tdata          0x2000002c        0x0 load address 0x0800e940
 *(.tdata .tdata.* .gnu.linkonce.td.*)
                0x2000002c                        . = ALIGN (0x4)
                0x2000002c                        _edata = .
                [!provide]                        PROVIDE (__data_end = .)
                [!provide]                        PROVIDE (__tdata_end = .)
                [!provide]                        PROVIDE (__tdata_start = ADDR (.tdata))
                [!provide]                        PROVIDE (__tdata_size = (__tdata_end - __tdata_start))
                [!provide]                        PROVIDE (__data_start = ADDR (.data))
                [!provide]                        PROVIDE (__data_size = (__data_end - __data_start))
                [!provide]                        PROVIDE (__tdata_source = LOADADDR (.tdata))
                [!provide]                        PROVIDE (__tdata_source_end = (LOADADDR (.tdata) + SIZEOF (.tdata)))
                [!provide]                        PROVIDE (__tdata_source_size = (__tdata_source_end - __tdata_source))
                [!provide]                        PROVIDE (__data_source = LOADADDR (.data))
                [!provide]                        PROVIDE (__data_source_end = __tdata_source_end)
                [!provide]                        PROVIDE (__data_source_size = (__data_source_end - __data_source))

.tbss           0x2000002c        0x0 load address 0x0800e940
                0x2000002c                        _sbss = .
                0x2000002c                        __bss_start__ = _sbss
 *(.tbss .tbss.*)
                0x2000002c                        . = ALIGN (0x4)
                [!provide]                        PROVIDE (__tbss_end = .)
                [!provide]                        PROVIDE (__tbss_start = ADDR (.tbss))
                [!provide]                        PROVIDE (__tbss_size = (__tbss_end - __tbss_start))
                [!provide]                        PROVIDE (__tbss_offset = (ADDR (.tbss) - ADDR (.tdata)))
                [!provide]                        PROVIDE (__tls_base = __tdata_start)
                [!provide]                        PROVIDE (__tls_end = __tbss_end)
                [!provide]                        PROVIDE (__tls_size = (__tls_end - __tls_base))
                [!provide]                        PROVIDE (__tls_align = MAX (ALIGNOF (.tdata), ALIGNOF (.tbss)))
                [!provide]                        PROVIDE (__tls_size_align = (((__tls_size + __tls_align) - 0x1) & ~ ((__tls_align - 0x1))))
                [!provide]                        PROVIDE (__arm32_tls_tcb_offset = MAX (0x8, __tls_align))
                [!provide]                        PROVIDE (__arm64_tls_tcb_offset = MAX (0x10, __tls_align))

.bss            0x2000002c       0x7c load address 0x0800e940
 *(.bss)
 .bss           0x2000002c       0x1c C:/ST/STM32CubeCLT_1.15.0/GNU-tools-for-STM32/bin/../lib/gcc/arm-none-eabi/12.3.1/thumb/v7e-m+fp/hard/crtbegin.o
 *(.bss*)
 .bss.uwTick    0x20000048        0x4 cmake/stm32cubemx/CMakeFiles/STM32_Drivers.dir/__/__/Drivers/STM32F4xx_HAL_Driver/Src/stm32f4xx_hal.c.obj
                0x20000048                uwTick
 .bss.huart2    0x2000004c       0x48 CMakeFiles/application.dir/Core/Src/main.c.obj
                0x2000004c                huart2
 .bss.flash_buffer
                0x20000094       0x14 CMakeFiles/application.dir/Core/Src/app_ota.c.obj
                0x20000094                flash_buffer
 *(COMMON)
                0x200000a8                        . = ALIGN (0x4)
                0x200000a8                        _ebss = .
                0x200000a8                        __bss_end__ = _ebss
                [!provide]                        PROVIDE (__bss_end = .)
                [!provide]                        PROVIDE (__non_tls_bss_start = ADDR (.bss))
                [!provide]                        PROVIDE (__bss_start = __tbss_start)
                [!provide]                        PROVIDE (__bss_size = (__bss_end - __bss_start))

._user_heap_stack
                0x200000a8      0x600 load address 0x0800e940
                0x200000a8                        . = ALIGN (0x8)
                [!provide]                        PROVIDE (end = .)
                0x200000a8                        PROVIDE (_end = .)
                0x200002a8                        . = (. + _Min_Heap_Size)
 *fill*         0x200000a8      0x200 
                0x200006a8                        . = (. + _Min_Stack_Size)
 *fill*         0x200002a8      0x400 
                0x200006a8                        . = ALIGN (0x8)

/DISCARD/
 libc.a:*(*)
 libm.a:*(*)
 libgcc.a:*(*)

.ARM.attributes
                0x00000000       0x30
 *(.ARM.attributes)
 .ARM.attributes
                0x00000000       0x22 C:/ST/STM32CubeCLT_1.15.0/GNU-tools-for-STM32/bin/../lib/gcc/arm-none-eabi/12.3.1/thumb/v7e-m+fp/hard/crti.o
 .ARM.attributes
                0x00000022       0x34 C:/ST/STM32CubeCLT_1.15.0/GNU-tools-for-STM32/bin/../lib/gcc/arm-none-eabi/12.3.1/thumb/v7e-m+fp/hard/crtbegin.o
 .ARM.attributes
                0x00000056       0x34 cmake/stm32cubemx/CMakeFiles/STM32_Drivers.dir/__/__/Core/Src/system_stm32f4xx.c.obj
 .ARM.attributes
                0x0000008a       0x34 cmake/stm32cubemx/CMakeFiles/STM32_Drivers.dir/__/__/Drivers/STM32F4xx_HAL_Driver/Src/stm32f4xx_hal_uart.c.obj
 .ARM.attributes
                0x000000be       0x34 cmake/stm32cubemx/CMakeFiles/STM32_Drivers.dir/__/__/Drivers/STM32F4xx_HAL_Driver/Src/stm32f4xx_hal_rcc.c.obj
 .ARM.attributes
                0x000000f2       0x34 cmake/stm32cubemx/CMakeFiles/STM32_Drivers.dir/__/__/Drivers/STM32F4xx_HAL_Driver/Src/stm32f4xx_hal_flash.c.obj
 .ARM.attributes
                0x00000126       0x34 cmake/stm32cubemx/CMakeFiles/STM32_Drivers.dir/__/__/Drivers/STM32F4xx_HAL_Driver/Src/stm32f4xx_hal_flash_ex.c.obj
 .ARM.attributes
                0x0000015a       0x34 cmake/stm32cubemx/CMakeFiles/STM32_Drivers.dir/__/__/Drivers/STM32F4xx_HAL_Driver/Src/stm32f4xx_hal_gpio.c.obj
 .ARM.attributes
                0x0000018e       0x34 cmake/stm32cubemx/CMakeFiles/STM32_Drivers.dir/__/__/Drivers/STM32F4xx_HAL_Driver/Src/stm32f4xx_hal_cortex.c.obj
 .ARM.attributes
                0x000001c2       0x34 cmake/stm32cubemx/CMakeFiles/STM32_Drivers.dir/__/__/Drivers/STM32F4xx_HAL_Driver/Src/stm32f4xx_hal.c.obj
 .ARM.attributes
                0x000001f6       0x34 CMakeFiles/application.dir/Core/Src/main.c.obj
 .ARM.attributes
                0x0000022a       0x34 CMakeFiles/application.dir/Core/Src/stm32f4xx_it.c.obj
 .ARM.attributes
                0x0000025e       0x34 CMakeFiles/application.dir/Core/Src/stm32f4xx_hal_msp.c.obj
 .ARM.attributes
                0x00000292       0x21 CMakeFiles/application.dir/startup_stm32f407xx.s.obj
 .ARM.attributes
                0x000002b3       0x34 CMakeFiles/application.dir/Core/Src/app_ota.c.obj
 .ARM.attributes
                0x000002e7       0x34 CMakeFiles/application.dir/Core/Src/flash_operations.c.obj
 .ARM.attributes
                0x0000031b       0x22 C:/ST/STM32CubeCLT_1.15.0/GNU-tools-for-STM32/bin/../lib/gcc/arm-none-eabi/12.3.1/thumb/v7e-m+fp/hard\libgcc.a(_aeabi_uldivmod.o)
 .ARM.attributes
                0x0000033d       0x34 C:/ST/STM32CubeCLT_1.15.0/GNU-tools-for-STM32/bin/../lib/gcc/arm-none-eabi/12.3.1/thumb/v7e-m+fp/hard\libgcc.a(_udivmoddi4.o)
 .ARM.attributes
                0x00000371       0x22 C:/ST/STM32CubeCLT_1.15.0/GNU-tools-for-STM32/bin/../lib/gcc/arm-none-eabi/12.3.1/thumb/v7e-m+fp/hard\libgcc.a(_dvmd_tls.o)
 .ARM.attributes
                0x00000393       0x34 C:/ST/STM32CubeCLT_1.15.0/GNU-tools-for-STM32/bin/../lib/gcc/arm-none-eabi/12.3.1/../../../../arm-none-eabi/lib/thumb/v7e-m+fp/hard\libg_nano.a(libc_a-memset.o)
 .ARM.attributes
                0x000003c7       0x34 C:/ST/STM32CubeCLT_1.15.0/GNU-tools-for-STM32/bin/../lib/gcc/arm-none-eabi/12.3.1/../../../../arm-none-eabi/lib/thumb/v7e-m+fp/hard\libg_nano.a(libc_a-init.o)
 .ARM.attributes
                0x000003fb       0x22 C:/ST/STM32CubeCLT_1.15.0/GNU-tools-for-STM32/bin/../lib/gcc/arm-none-eabi/12.3.1/thumb/v7e-m+fp/hard/crtn.o

.header         0x08008000       0x14
 *(.header)
 .header        0x08008000       0x14 CMakeFiles/application.dir/Core/Src/main.c.obj
                0x08008000                app_header
OUTPUT(application.elf elf32-littlearm)
LOAD linker stubs

.rel.dyn        0x08008014        0x0
 .rel.iplt      0x08008014        0x0 C:/ST/STM32CubeCLT_1.15.0/GNU-tools-for-STM32/bin/../lib/gcc/arm-none-eabi/12.3.1/thumb/v7e-m+fp/hard/crtbegin.o

.debug_info     0x00000000     0x89a8
 .debug_info    0x00000000      0x512 cmake/stm32cubemx/CMakeFiles/STM32_Drivers.dir/__/__/Core/Src/system_stm32f4xx.c.obj
 .debug_info    0x00000512     0x2f4f cmake/stm32cubemx/CMakeFiles/STM32_Drivers.dir/__/__/Drivers/STM32F4xx_HAL_Driver/Src/stm32f4xx_hal_uart.c.obj
 .debug_info    0x00003461      0x8c3 cmake/stm32cubemx/CMakeFiles/STM32_Drivers.dir/__/__/Drivers/STM32F4xx_HAL_Driver/Src/stm32f4xx_hal_rcc.c.obj
 .debug_info    0x00003d24      0x57d cmake/stm32cubemx/CMakeFiles/STM32_Drivers.dir/__/__/Drivers/STM32F4xx_HAL_Driver/Src/stm32f4xx_hal_flash.c.obj
 .debug_info    0x000042a1      0x67f cmake/stm32cubemx/CMakeFiles/STM32_Drivers.dir/__/__/Drivers/STM32F4xx_HAL_Driver/Src/stm32f4xx_hal_flash_ex.c.obj
 .debug_info    0x00004920      0x6c3 cmake/stm32cubemx/CMakeFiles/STM32_Drivers.dir/__/__/Drivers/STM32F4xx_HAL_Driver/Src/stm32f4xx_hal_gpio.c.obj
 .debug_info    0x00004fe3      0xd8c cmake/stm32cubemx/CMakeFiles/STM32_Drivers.dir/__/__/Drivers/STM32F4xx_HAL_Driver/Src/stm32f4xx_hal_cortex.c.obj
 .debug_info    0x00005d6f      0x944 cmake/stm32cubemx/CMakeFiles/STM32_Drivers.dir/__/__/Drivers/STM32F4xx_HAL_Driver/Src/stm32f4xx_hal.c.obj
 .debug_info    0x000066b3     0x1117 CMakeFiles/application.dir/Core/Src/main.c.obj
 .debug_info    0x000077ca      0x14a CMakeFiles/application.dir/Core/Src/stm32f4xx_it.c.obj
 .debug_info    0x00007914      0x8fc CMakeFiles/application.dir/Core/Src/stm32f4xx_hal_msp.c.obj
 .debug_info    0x00008210       0x30 CMakeFiles/application.dir/startup_stm32f407xx.s.obj
 .debug_info    0x00008240      0x32b CMakeFiles/application.dir/Core/Src/app_ota.c.obj
 .debug_info    0x0000856b      0x252 CMakeFiles/application.dir/Core/Src/flash_operations.c.obj
 .debug_info    0x000087bd       0xe0 C:/ST/STM32CubeCLT_1.15.0/GNU-tools-for-STM32/bin/../lib/gcc/arm-none-eabi/12.3.1/../../../../arm-none-eabi/lib/thumb/v7e-m+fp/hard\libg_nano.a(libc_a-memset.o)
 .debug_info    0x0000889d      0x10b C:/ST/STM32CubeCLT_1.15.0/GNU-tools-for-STM32/bin/../lib/gcc/arm-none-eabi/12.3.1/../../../../arm-none-eabi/lib/thumb/v7e-m+fp/hard\libg_nano.a(libc_a-init.o)

.debug_abbrev   0x00000000     0x1bbf
 .debug_abbrev  0x00000000      0x11a cmake/stm32cubemx/CMakeFiles/STM32_Drivers.dir/__/__/Core/Src/system_stm32f4xx.c.obj
 .debug_abbrev  0x0000011a      0x30e cmake/stm32cubemx/CMakeFiles/STM32_Drivers.dir/__/__/Drivers/STM32F4xx_HAL_Driver/Src/stm32f4xx_hal_uart.c.obj
 .debug_abbrev  0x00000428      0x2b7 cmake/stm32cubemx/CMakeFiles/STM32_Drivers.dir/__/__/Drivers/STM32F4xx_HAL_Driver/Src/stm32f4xx_hal_rcc.c.obj
 .debug_abbrev  0x000006df      0x28c cmake/stm32cubemx/CMakeFiles/STM32_Drivers.dir/__/__/Drivers/STM32F4xx_HAL_Driver/Src/stm32f4xx_hal_flash.c.obj
 .debug_abbrev  0x0000096b      0x249 cmake/stm32cubemx/CMakeFiles/STM32_Drivers.dir/__/__/Drivers/STM32F4xx_HAL_Driver/Src/stm32f4xx_hal_flash_ex.c.obj
 .debug_abbrev  0x00000bb4      0x1d4 cmake/stm32cubemx/CMakeFiles/STM32_Drivers.dir/__/__/Drivers/STM32F4xx_HAL_Driver/Src/stm32f4xx_hal_gpio.c.obj
 .debug_abbrev  0x00000d88      0x31d cmake/stm32cubemx/CMakeFiles/STM32_Drivers.dir/__/__/Drivers/STM32F4xx_HAL_Driver/Src/stm32f4xx_hal_cortex.c.obj
 .debug_abbrev  0x000010a5      0x214 cmake/stm32cubemx/CMakeFiles/STM32_Drivers.dir/__/__/Drivers/STM32F4xx_HAL_Driver/Src/stm32f4xx_hal.c.obj
 .debug_abbrev  0x000012b9      0x29c CMakeFiles/application.dir/Core/Src/main.c.obj
 .debug_abbrev  0x00001555       0xa0 CMakeFiles/application.dir/Core/Src/stm32f4xx_it.c.obj
 .debug_abbrev  0x000015f5      0x1c2 CMakeFiles/application.dir/Core/Src/stm32f4xx_hal_msp.c.obj
 .debug_abbrev  0x000017b7       0x24 CMakeFiles/application.dir/startup_stm32f407xx.s.obj
 .debug_abbrev  0x000017db      0x165 CMakeFiles/application.dir/Core/Src/app_ota.c.obj
 .debug_abbrev  0x00001940      0x118 CMakeFiles/application.dir/Core/Src/flash_operations.c.obj
 .debug_abbrev  0x00001a58       0x9e C:/ST/STM32CubeCLT_1.15.0/GNU-tools-for-STM32/bin/../lib/gcc/arm-none-eabi/12.3.1/../../../../arm-none-eabi/lib/thumb/v7e-m+fp/hard\libg_nano.a(libc_a-memset.o)
 .debug_abbrev  0x00001af6       0xc9 C:/ST/STM32CubeCLT_1.15.0/GNU-tools-for-STM32/bin/../lib/gcc/arm-none-eabi/12.3.1/../../../../arm-none-eabi/lib/thumb/v7e-m+fp/hard\libg_nano.a(libc_a-init.o)

.debug_aranges  0x00000000      0x808
 .debug_aranges
                0x00000000       0x28 cmake/stm32cubemx/CMakeFiles/STM32_Drivers.dir/__/__/Core/Src/system_stm32f4xx.c.obj
 .debug_aranges
                0x00000028      0x208 cmake/stm32cubemx/CMakeFiles/STM32_Drivers.dir/__/__/Drivers/STM32F4xx_HAL_Driver/Src/stm32f4xx_hal_uart.c.obj
 .debug_aranges
                0x00000230       0x88 cmake/stm32cubemx/CMakeFiles/STM32_Drivers.dir/__/__/Drivers/STM32F4xx_HAL_Driver/Src/stm32f4xx_hal_rcc.c.obj
 .debug_aranges
                0x000002b8       0xa0 cmake/stm32cubemx/CMakeFiles/STM32_Drivers.dir/__/__/Drivers/STM32F4xx_HAL_Driver/Src/stm32f4xx_hal_flash.c.obj
 .debug_aranges
                0x00000358       0x98 cmake/stm32cubemx/CMakeFiles/STM32_Drivers.dir/__/__/Drivers/STM32F4xx_HAL_Driver/Src/stm32f4xx_hal_flash_ex.c.obj
 .debug_aranges
                0x000003f0       0x58 cmake/stm32cubemx/CMakeFiles/STM32_Drivers.dir/__/__/Drivers/STM32F4xx_HAL_Driver/Src/stm32f4xx_hal_gpio.c.obj
 .debug_aranges
                0x00000448      0x130 cmake/stm32cubemx/CMakeFiles/STM32_Drivers.dir/__/__/Drivers/STM32F4xx_HAL_Driver/Src/stm32f4xx_hal_cortex.c.obj
 .debug_aranges
                0x00000578       0xf0 cmake/stm32cubemx/CMakeFiles/STM32_Drivers.dir/__/__/Drivers/STM32F4xx_HAL_Driver/Src/stm32f4xx_hal.c.obj
 .debug_aranges
                0x00000668       0x48 CMakeFiles/application.dir/Core/Src/main.c.obj
 .debug_aranges
                0x000006b0       0x68 CMakeFiles/application.dir/Core/Src/stm32f4xx_it.c.obj
 .debug_aranges
                0x00000718       0x30 CMakeFiles/application.dir/Core/Src/stm32f4xx_hal_msp.c.obj
 .debug_aranges
                0x00000748       0x28 CMakeFiles/application.dir/startup_stm32f407xx.s.obj
 .debug_aranges
                0x00000770       0x28 CMakeFiles/application.dir/Core/Src/app_ota.c.obj
 .debug_aranges
                0x00000798       0x30 CMakeFiles/application.dir/Core/Src/flash_operations.c.obj
 .debug_aranges
                0x000007c8       0x20 C:/ST/STM32CubeCLT_1.15.0/GNU-tools-for-STM32/bin/../lib/gcc/arm-none-eabi/12.3.1/../../../../arm-none-eabi/lib/thumb/v7e-m+fp/hard\libg_nano.a(libc_a-memset.o)
 .debug_aranges
                0x000007e8       0x20 C:/ST/STM32CubeCLT_1.15.0/GNU-tools-for-STM32/bin/../lib/gcc/arm-none-eabi/12.3.1/../../../../arm-none-eabi/lib/thumb/v7e-m+fp/hard\libg_nano.a(libc_a-init.o)

.debug_rnglists
                0x00000000      0x608
 .debug_rnglists
                0x00000000       0x1a cmake/stm32cubemx/CMakeFiles/STM32_Drivers.dir/__/__/Core/Src/system_stm32f4xx.c.obj
 .debug_rnglists
                0x0000001a      0x1bc cmake/stm32cubemx/CMakeFiles/STM32_Drivers.dir/__/__/Drivers/STM32F4xx_HAL_Driver/Src/stm32f4xx_hal_uart.c.obj
 .debug_rnglists
                0x000001d6       0x66 cmake/stm32cubemx/CMakeFiles/STM32_Drivers.dir/__/__/Drivers/STM32F4xx_HAL_Driver/Src/stm32f4xx_hal_rcc.c.obj
 .debug_rnglists
                0x0000023c       0x78 cmake/stm32cubemx/CMakeFiles/STM32_Drivers.dir/__/__/Drivers/STM32F4xx_HAL_Driver/Src/stm32f4xx_hal_flash.c.obj
 .debug_rnglists
                0x000002b4       0x72 cmake/stm32cubemx/CMakeFiles/STM32_Drivers.dir/__/__/Drivers/STM32F4xx_HAL_Driver/Src/stm32f4xx_hal_flash_ex.c.obj
 .debug_rnglists
                0x00000326       0x3f cmake/stm32cubemx/CMakeFiles/STM32_Drivers.dir/__/__/Drivers/STM32F4xx_HAL_Driver/Src/stm32f4xx_hal_gpio.c.obj
 .debug_rnglists
                0x00000365       0xe0 cmake/stm32cubemx/CMakeFiles/STM32_Drivers.dir/__/__/Drivers/STM32F4xx_HAL_Driver/Src/stm32f4xx_hal_cortex.c.obj
 .debug_rnglists
                0x00000445       0xaf cmake/stm32cubemx/CMakeFiles/STM32_Drivers.dir/__/__/Drivers/STM32F4xx_HAL_Driver/Src/stm32f4xx_hal.c.obj
 .debug_rnglists
                0x000004f4       0x34 CMakeFiles/application.dir/Core/Src/main.c.obj
 .debug_rnglists
                0x00000528       0x49 CMakeFiles/application.dir/Core/Src/stm32f4xx_it.c.obj
 .debug_rnglists
                0x00000571       0x20 CMakeFiles/application.dir/Core/Src/stm32f4xx_hal_msp.c.obj
 .debug_rnglists
                0x00000591       0x19 CMakeFiles/application.dir/startup_stm32f407xx.s.obj
 .debug_rnglists
                0x000005aa       0x19 CMakeFiles/application.dir/Core/Src/app_ota.c.obj
 .debug_rnglists
                0x000005c3       0x1f CMakeFiles/application.dir/Core/Src/flash_operations.c.obj
 .debug_rnglists
                0x000005e2       0x13 C:/ST/STM32CubeCLT_1.15.0/GNU-tools-for-STM32/bin/../lib/gcc/arm-none-eabi/12.3.1/../../../../arm-none-eabi/lib/thumb/v7e-m+fp/hard\libg_nano.a(libc_a-memset.o)
 .debug_rnglists
                0x000005f5       0x13 C:/ST/STM32CubeCLT_1.15.0/GNU-tools-for-STM32/bin/../lib/gcc/arm-none-eabi/12.3.1/../../../../arm-none-eabi/lib/thumb/v7e-m+fp/hard\libg_nano.a(libc_a-init.o)

.debug_macro    0x00000000    0x1fae0
 .debug_macro   0x00000000      0x1ba cmake/stm32cubemx/CMakeFiles/STM32_Drivers.dir/__/__/Core/Src/system_stm32f4xx.c.obj
 .debug_macro   0x000001ba      0xab4 cmake/stm32cubemx/CMakeFiles/STM32_Drivers.dir/__/__/Core/Src/system_stm32f4xx.c.obj
 .debug_macro   0x00000c6e       0x2e cmake/stm32cubemx/CMakeFiles/STM32_Drivers.dir/__/__/Core/Src/system_stm32f4xx.c.obj
 .debug_macro   0x00000c9c       0x2f cmake/stm32cubemx/CMakeFiles/STM32_Drivers.dir/__/__/Core/Src/system_stm32f4xx.c.obj
 .debug_macro   0x00000ccb       0x22 cmake/stm32cubemx/CMakeFiles/STM32_Drivers.dir/__/__/Core/Src/system_stm32f4xx.c.obj
 .debug_macro   0x00000ced       0x8e cmake/stm32cubemx/CMakeFiles/STM32_Drivers.dir/__/__/Core/Src/system_stm32f4xx.c.obj
 .debug_macro   0x00000d7b       0x51 cmake/stm32cubemx/CMakeFiles/STM32_Drivers.dir/__/__/Core/Src/system_stm32f4xx.c.obj
 .debug_macro   0x00000dcc      0x103 cmake/stm32cubemx/CMakeFiles/STM32_Drivers.dir/__/__/Core/Src/system_stm32f4xx.c.obj
 .debug_macro   0x00000ecf       0x6a cmake/stm32cubemx/CMakeFiles/STM32_Drivers.dir/__/__/Core/Src/system_stm32f4xx.c.obj
 .debug_macro   0x00000f39      0x1df cmake/stm32cubemx/CMakeFiles/STM32_Drivers.dir/__/__/Core/Src/system_stm32f4xx.c.obj
 .debug_macro   0x00001118       0x1c cmake/stm32cubemx/CMakeFiles/STM32_Drivers.dir/__/__/Core/Src/system_stm32f4xx.c.obj
 .debug_macro   0x00001134       0x22 cmake/stm32cubemx/CMakeFiles/STM32_Drivers.dir/__/__/Core/Src/system_stm32f4xx.c.obj
 .debug_macro   0x00001156       0xfb cmake/stm32cubemx/CMakeFiles/STM32_Drivers.dir/__/__/Core/Src/system_stm32f4xx.c.obj
 .debug_macro   0x00001251     0x1011 cmake/stm32cubemx/CMakeFiles/STM32_Drivers.dir/__/__/Core/Src/system_stm32f4xx.c.obj
 .debug_macro   0x00002262      0x11f cmake/stm32cubemx/CMakeFiles/STM32_Drivers.dir/__/__/Core/Src/system_stm32f4xx.c.obj
 .debug_macro   0x00002381    0x15ea5 cmake/stm32cubemx/CMakeFiles/STM32_Drivers.dir/__/__/Core/Src/system_stm32f4xx.c.obj
 .debug_macro   0x00018226       0x6d cmake/stm32cubemx/CMakeFiles/STM32_Drivers.dir/__/__/Core/Src/system_stm32f4xx.c.obj
 .debug_macro   0x00018293      0x295 cmake/stm32cubemx/CMakeFiles/STM32_Drivers.dir/__/__/Core/Src/system_stm32f4xx.c.obj
 .debug_macro   0x00018528     0x3693 cmake/stm32cubemx/CMakeFiles/STM32_Drivers.dir/__/__/Core/Src/system_stm32f4xx.c.obj
 .debug_macro   0x0001bbbb      0x189 cmake/stm32cubemx/CMakeFiles/STM32_Drivers.dir/__/__/Core/Src/system_stm32f4xx.c.obj
 .debug_macro   0x0001bd44       0x5c cmake/stm32cubemx/CMakeFiles/STM32_Drivers.dir/__/__/Core/Src/system_stm32f4xx.c.obj
 .debug_macro   0x0001bda0      0x980 cmake/stm32cubemx/CMakeFiles/STM32_Drivers.dir/__/__/Core/Src/system_stm32f4xx.c.obj
 .debug_macro   0x0001c720      0x9e9 cmake/stm32cubemx/CMakeFiles/STM32_Drivers.dir/__/__/Core/Src/system_stm32f4xx.c.obj
 .debug_macro   0x0001d109      0x115 cmake/stm32cubemx/CMakeFiles/STM32_Drivers.dir/__/__/Core/Src/system_stm32f4xx.c.obj
 .debug_macro   0x0001d21e      0x13e cmake/stm32cubemx/CMakeFiles/STM32_Drivers.dir/__/__/Core/Src/system_stm32f4xx.c.obj
 .debug_macro   0x0001d35c       0xa5 cmake/stm32cubemx/CMakeFiles/STM32_Drivers.dir/__/__/Core/Src/system_stm32f4xx.c.obj
 .debug_macro   0x0001d401      0x174 cmake/stm32cubemx/CMakeFiles/STM32_Drivers.dir/__/__/Core/Src/system_stm32f4xx.c.obj
 .debug_macro   0x0001d575      0x287 cmake/stm32cubemx/CMakeFiles/STM32_Drivers.dir/__/__/Core/Src/system_stm32f4xx.c.obj
 .debug_macro   0x0001d7fc       0x5f cmake/stm32cubemx/CMakeFiles/STM32_Drivers.dir/__/__/Core/Src/system_stm32f4xx.c.obj
 .debug_macro   0x0001d85b      0x236 cmake/stm32cubemx/CMakeFiles/STM32_Drivers.dir/__/__/Core/Src/system_stm32f4xx.c.obj
 .debug_macro   0x0001da91      0x12c cmake/stm32cubemx/CMakeFiles/STM32_Drivers.dir/__/__/Core/Src/system_stm32f4xx.c.obj
 .debug_macro   0x0001dbbd      0x21e cmake/stm32cubemx/CMakeFiles/STM32_Drivers.dir/__/__/Core/Src/system_stm32f4xx.c.obj
 .debug_macro   0x0001dddb       0x2e cmake/stm32cubemx/CMakeFiles/STM32_Drivers.dir/__/__/Core/Src/system_stm32f4xx.c.obj
 .debug_macro   0x0001de09      0x127 cmake/stm32cubemx/CMakeFiles/STM32_Drivers.dir/__/__/Core/Src/system_stm32f4xx.c.obj
 .debug_macro   0x0001df30       0x7e cmake/stm32cubemx/CMakeFiles/STM32_Drivers.dir/__/__/Core/Src/system_stm32f4xx.c.obj
 .debug_macro   0x0001dfae       0x89 cmake/stm32cubemx/CMakeFiles/STM32_Drivers.dir/__/__/Core/Src/system_stm32f4xx.c.obj
 .debug_macro   0x0001e037      0x2aa cmake/stm32cubemx/CMakeFiles/STM32_Drivers.dir/__/__/Core/Src/system_stm32f4xx.c.obj
 .debug_macro   0x0001e2e1      0x12d cmake/stm32cubemx/CMakeFiles/STM32_Drivers.dir/__/__/Core/Src/system_stm32f4xx.c.obj
 .debug_macro   0x0001e40e      0x1bb cmake/stm32cubemx/CMakeFiles/STM32_Drivers.dir/__/__/Drivers/STM32F4xx_HAL_Driver/Src/stm32f4xx_hal_uart.c.obj
 .debug_macro   0x0001e5c9      0x1de cmake/stm32cubemx/CMakeFiles/STM32_Drivers.dir/__/__/Drivers/STM32F4xx_HAL_Driver/Src/stm32f4xx_hal_rcc.c.obj
 .debug_macro   0x0001e7a7      0x1c0 cmake/stm32cubemx/CMakeFiles/STM32_Drivers.dir/__/__/Drivers/STM32F4xx_HAL_Driver/Src/stm32f4xx_hal_flash.c.obj
 .debug_macro   0x0001e967      0x1c0 cmake/stm32cubemx/CMakeFiles/STM32_Drivers.dir/__/__/Drivers/STM32F4xx_HAL_Driver/Src/stm32f4xx_hal_flash_ex.c.obj
 .debug_macro   0x0001eb27      0x1c0 cmake/stm32cubemx/CMakeFiles/STM32_Drivers.dir/__/__/Drivers/STM32F4xx_HAL_Driver/Src/stm32f4xx_hal_gpio.c.obj
 .debug_macro   0x0001ece7      0x1ba cmake/stm32cubemx/CMakeFiles/STM32_Drivers.dir/__/__/Drivers/STM32F4xx_HAL_Driver/Src/stm32f4xx_hal_cortex.c.obj
 .debug_macro   0x0001eea1      0x21a cmake/stm32cubemx/CMakeFiles/STM32_Drivers.dir/__/__/Drivers/STM32F4xx_HAL_Driver/Src/stm32f4xx_hal.c.obj
 .debug_macro   0x0001f0bb      0x1fa CMakeFiles/application.dir/Core/Src/main.c.obj
 .debug_macro   0x0001f2b5       0x46 CMakeFiles/application.dir/Core/Src/main.c.obj
 .debug_macro   0x0001f2fb       0x2e CMakeFiles/application.dir/Core/Src/main.c.obj
 .debug_macro   0x0001f329      0x1d3 CMakeFiles/application.dir/Core/Src/stm32f4xx_it.c.obj
 .debug_macro   0x0001f4fc      0x1c9 CMakeFiles/application.dir/Core/Src/stm32f4xx_hal_msp.c.obj
 .debug_macro   0x0001f6c5      0x1f6 CMakeFiles/application.dir/Core/Src/app_ota.c.obj
 .debug_macro   0x0001f8bb       0x4c CMakeFiles/application.dir/Core/Src/app_ota.c.obj
 .debug_macro   0x0001f907      0x1d9 CMakeFiles/application.dir/Core/Src/flash_operations.c.obj

.debug_line     0x00000000     0x9b2e
 .debug_line    0x00000000      0x71d cmake/stm32cubemx/CMakeFiles/STM32_Drivers.dir/__/__/Core/Src/system_stm32f4xx.c.obj
 .debug_line    0x0000071d     0x2898 cmake/stm32cubemx/CMakeFiles/STM32_Drivers.dir/__/__/Drivers/STM32F4xx_HAL_Driver/Src/stm32f4xx_hal_uart.c.obj
 .debug_line    0x00002fb5      0xd20 cmake/stm32cubemx/CMakeFiles/STM32_Drivers.dir/__/__/Drivers/STM32F4xx_HAL_Driver/Src/stm32f4xx_hal_rcc.c.obj
 .debug_line    0x00003cd5      0xa46 cmake/stm32cubemx/CMakeFiles/STM32_Drivers.dir/__/__/Drivers/STM32F4xx_HAL_Driver/Src/stm32f4xx_hal_flash.c.obj
 .debug_line    0x0000471b      0xa46 cmake/stm32cubemx/CMakeFiles/STM32_Drivers.dir/__/__/Drivers/STM32F4xx_HAL_Driver/Src/stm32f4xx_hal_flash_ex.c.obj
 .debug_line    0x00005161      0xb21 cmake/stm32cubemx/CMakeFiles/STM32_Drivers.dir/__/__/Drivers/STM32F4xx_HAL_Driver/Src/stm32f4xx_hal_gpio.c.obj
 .debug_line    0x00005c82      0xc87 cmake/stm32cubemx/CMakeFiles/STM32_Drivers.dir/__/__/Drivers/STM32F4xx_HAL_Driver/Src/stm32f4xx_hal_cortex.c.obj
 .debug_line    0x00006909      0x995 cmake/stm32cubemx/CMakeFiles/STM32_Drivers.dir/__/__/Drivers/STM32F4xx_HAL_Driver/Src/stm32f4xx_hal.c.obj
 .debug_line    0x0000729e      0x829 CMakeFiles/application.dir/Core/Src/main.c.obj
 .debug_line    0x00007ac7      0x782 CMakeFiles/application.dir/Core/Src/stm32f4xx_it.c.obj
 .debug_line    0x00008249      0x6f5 CMakeFiles/application.dir/Core/Src/stm32f4xx_hal_msp.c.obj
 .debug_line    0x0000893e       0x7a CMakeFiles/application.dir/startup_stm32f407xx.s.obj
 .debug_line    0x000089b8      0x722 CMakeFiles/application.dir/Core/Src/app_ota.c.obj
 .debug_line    0x000090da      0x74e CMakeFiles/application.dir/Core/Src/flash_operations.c.obj
 .debug_line    0x00009828      0x17e C:/ST/STM32CubeCLT_1.15.0/GNU-tools-for-STM32/bin/../lib/gcc/arm-none-eabi/12.3.1/../../../../arm-none-eabi/lib/thumb/v7e-m+fp/hard\libg_nano.a(libc_a-memset.o)
 .debug_line    0x000099a6      0x188 C:/ST/STM32CubeCLT_1.15.0/GNU-tools-for-STM32/bin/../lib/gcc/arm-none-eabi/12.3.1/../../../../arm-none-eabi/lib/thumb/v7e-m+fp/hard\libg_nano.a(libc_a-init.o)

.debug_str      0x00000000    0xbf897
 .debug_str     0x00000000    0xbcc15 cmake/stm32cubemx/CMakeFiles/STM32_Drivers.dir/__/__/Core/Src/system_stm32f4xx.c.obj
                              0xbce82 (size before relaxing)
 .debug_str     0x000bcc15      0xb49 cmake/stm32cubemx/CMakeFiles/STM32_Drivers.dir/__/__/Drivers/STM32F4xx_HAL_Driver/Src/stm32f4xx_hal_uart.c.obj
                              0xbd897 (size before relaxing)
 .debug_str     0x000bd75e      0x3fc cmake/stm32cubemx/CMakeFiles/STM32_Drivers.dir/__/__/Drivers/STM32F4xx_HAL_Driver/Src/stm32f4xx_hal_rcc.c.obj
                              0xbd2b6 (size before relaxing)
 .debug_str     0x000bdb5a      0x2e6 cmake/stm32cubemx/CMakeFiles/STM32_Drivers.dir/__/__/Drivers/STM32F4xx_HAL_Driver/Src/stm32f4xx_hal_flash.c.obj
                              0xbd072 (size before relaxing)
 .debug_str     0x000bde40      0x250 cmake/stm32cubemx/CMakeFiles/STM32_Drivers.dir/__/__/Drivers/STM32F4xx_HAL_Driver/Src/stm32f4xx_hal_flash_ex.c.obj
                              0xbd0c2 (size before relaxing)
 .debug_str     0x000be090      0x18a cmake/stm32cubemx/CMakeFiles/STM32_Drivers.dir/__/__/Drivers/STM32F4xx_HAL_Driver/Src/stm32f4xx_hal_gpio.c.obj
                              0xbcffd (size before relaxing)
 .debug_str     0x000be21a      0x8d6 cmake/stm32cubemx/CMakeFiles/STM32_Drivers.dir/__/__/Drivers/STM32F4xx_HAL_Driver/Src/stm32f4xx_hal_cortex.c.obj
                              0xbd782 (size before relaxing)
 .debug_str     0x000beaf0      0x5bc cmake/stm32cubemx/CMakeFiles/STM32_Drivers.dir/__/__/Drivers/STM32F4xx_HAL_Driver/Src/stm32f4xx_hal.c.obj
                              0xbda06 (size before relaxing)
 .debug_str     0x000bf0ac      0x309 CMakeFiles/application.dir/Core/Src/main.c.obj
                              0xbdd05 (size before relaxing)
 .debug_str     0x000bf3b5       0xeb CMakeFiles/application.dir/Core/Src/stm32f4xx_it.c.obj
                              0xbceb1 (size before relaxing)
 .debug_str     0x000bf4a0       0x3d CMakeFiles/application.dir/Core/Src/stm32f4xx_hal_msp.c.obj
                              0xbd429 (size before relaxing)
 .debug_str     0x000bf4dd       0x52 CMakeFiles/application.dir/startup_stm32f407xx.s.obj
                                 0x7e (size before relaxing)
 .debug_str     0x000bf52f       0xbf CMakeFiles/application.dir/Core/Src/app_ota.c.obj
                              0xbd03c (size before relaxing)
 .debug_str     0x000bf5ee       0x72 CMakeFiles/application.dir/Core/Src/flash_operations.c.obj
                              0xbcf42 (size before relaxing)
 .debug_str     0x000bf660      0x175 C:/ST/STM32CubeCLT_1.15.0/GNU-tools-for-STM32/bin/../lib/gcc/arm-none-eabi/12.3.1/../../../../arm-none-eabi/lib/thumb/v7e-m+fp/hard\libg_nano.a(libc_a-memset.o)
                                0x211 (size before relaxing)
 .debug_str     0x000bf7d5       0xc2 C:/ST/STM32CubeCLT_1.15.0/GNU-tools-for-STM32/bin/../lib/gcc/arm-none-eabi/12.3.1/../../../../arm-none-eabi/lib/thumb/v7e-m+fp/hard\libg_nano.a(libc_a-init.o)
                                0x272 (size before relaxing)

.comment        0x00000000       0x43
 .comment       0x00000000       0x43 cmake/stm32cubemx/CMakeFiles/STM32_Drivers.dir/__/__/Core/Src/system_stm32f4xx.c.obj
                                 0x44 (size before relaxing)
 .comment       0x00000043       0x44 cmake/stm32cubemx/CMakeFiles/STM32_Drivers.dir/__/__/Drivers/STM32F4xx_HAL_Driver/Src/stm32f4xx_hal_uart.c.obj
 .comment       0x00000043       0x44 cmake/stm32cubemx/CMakeFiles/STM32_Drivers.dir/__/__/Drivers/STM32F4xx_HAL_Driver/Src/stm32f4xx_hal_rcc.c.obj
 .comment       0x00000043       0x44 cmake/stm32cubemx/CMakeFiles/STM32_Drivers.dir/__/__/Drivers/STM32F4xx_HAL_Driver/Src/stm32f4xx_hal_flash.c.obj
 .comment       0x00000043       0x44 cmake/stm32cubemx/CMakeFiles/STM32_Drivers.dir/__/__/Drivers/STM32F4xx_HAL_Driver/Src/stm32f4xx_hal_flash_ex.c.obj
 .comment       0x00000043       0x44 cmake/stm32cubemx/CMakeFiles/STM32_Drivers.dir/__/__/Drivers/STM32F4xx_HAL_Driver/Src/stm32f4xx_hal_gpio.c.obj
 .comment       0x00000043       0x44 cmake/stm32cubemx/CMakeFiles/STM32_Drivers.dir/__/__/Drivers/STM32F4xx_HAL_Driver/Src/stm32f4xx_hal_cortex.c.obj
 .comment       0x00000043       0x44 cmake/stm32cubemx/CMakeFiles/STM32_Drivers.dir/__/__/Drivers/STM32F4xx_HAL_Driver/Src/stm32f4xx_hal.c.obj
 .comment       0x00000043       0x44 CMakeFiles/application.dir/Core/Src/main.c.obj
 .comment       0x00000043       0x44 CMakeFiles/application.dir/Core/Src/stm32f4xx_it.c.obj
 .comment       0x00000043       0x44 CMakeFiles/application.dir/Core/Src/stm32f4xx_hal_msp.c.obj
 .comment       0x00000043       0x44 CMakeFiles/application.dir/Core/Src/app_ota.c.obj
 .comment       0x00000043       0x44 CMakeFiles/application.dir/Core/Src/flash_operations.c.obj
 .comment       0x00000043       0x44 C:/ST/STM32CubeCLT_1.15.0/GNU-tools-for-STM32/bin/../lib/gcc/arm-none-eabi/12.3.1/../../../../arm-none-eabi/lib/thumb/v7e-m+fp/hard\libg_nano.a(libc_a-memset.o)
 .comment       0x00000043       0x44 C:/ST/STM32CubeCLT_1.15.0/GNU-tools-for-STM32/bin/../lib/gcc/arm-none-eabi/12.3.1/../../../../arm-none-eabi/lib/thumb/v7e-m+fp/hard\libg_nano.a(libc_a-init.o)

.debug_frame    0x00000000     0x1e08
 .debug_frame   0x00000000       0x58 cmake/stm32cubemx/CMakeFiles/STM32_Drivers.dir/__/__/Core/Src/system_stm32f4xx.c.obj
 .debug_frame   0x00000058      0x954 cmake/stm32cubemx/CMakeFiles/STM32_Drivers.dir/__/__/Drivers/STM32F4xx_HAL_Driver/Src/stm32f4xx_hal_uart.c.obj
 .debug_frame   0x000009ac      0x1f4 cmake/stm32cubemx/CMakeFiles/STM32_Drivers.dir/__/__/Drivers/STM32F4xx_HAL_Driver/Src/stm32f4xx_hal_rcc.c.obj
 .debug_frame   0x00000ba0      0x274 cmake/stm32cubemx/CMakeFiles/STM32_Drivers.dir/__/__/Drivers/STM32F4xx_HAL_Driver/Src/stm32f4xx_hal_flash.c.obj
 .debug_frame   0x00000e14      0x250 cmake/stm32cubemx/CMakeFiles/STM32_Drivers.dir/__/__/Drivers/STM32F4xx_HAL_Driver/Src/stm32f4xx_hal_flash_ex.c.obj
 .debug_frame   0x00001064      0x14c cmake/stm32cubemx/CMakeFiles/STM32_Drivers.dir/__/__/Drivers/STM32F4xx_HAL_Driver/Src/stm32f4xx_hal_gpio.c.obj
 .debug_frame   0x000011b0      0x508 cmake/stm32cubemx/CMakeFiles/STM32_Drivers.dir/__/__/Drivers/STM32F4xx_HAL_Driver/Src/stm32f4xx_hal_cortex.c.obj
 .debug_frame   0x000016b8      0x374 cmake/stm32cubemx/CMakeFiles/STM32_Drivers.dir/__/__/Drivers/STM32F4xx_HAL_Driver/Src/stm32f4xx_hal.c.obj
 .debug_frame   0x00001a2c       0xcc CMakeFiles/application.dir/Core/Src/main.c.obj
 .debug_frame   0x00001af8      0x120 CMakeFiles/application.dir/Core/Src/stm32f4xx_it.c.obj
 .debug_frame   0x00001c18       0x7c CMakeFiles/application.dir/Core/Src/stm32f4xx_hal_msp.c.obj
 .debug_frame   0x00001c94       0x44 CMakeFiles/application.dir/Core/Src/app_ota.c.obj
 .debug_frame   0x00001cd8       0x84 CMakeFiles/application.dir/Core/Src/flash_operations.c.obj
 .debug_frame   0x00001d5c       0x2c C:/ST/STM32CubeCLT_1.15.0/GNU-tools-for-STM32/bin/../lib/gcc/arm-none-eabi/12.3.1/thumb/v7e-m+fp/hard\libgcc.a(_aeabi_uldivmod.o)
 .debug_frame   0x00001d88       0x34 C:/ST/STM32CubeCLT_1.15.0/GNU-tools-for-STM32/bin/../lib/gcc/arm-none-eabi/12.3.1/thumb/v7e-m+fp/hard\libgcc.a(_udivmoddi4.o)
 .debug_frame   0x00001dbc       0x20 C:/ST/STM32CubeCLT_1.15.0/GNU-tools-for-STM32/bin/../lib/gcc/arm-none-eabi/12.3.1/../../../../arm-none-eabi/lib/thumb/v7e-m+fp/hard\libg_nano.a(libc_a-memset.o)
 .debug_frame   0x00001ddc       0x2c C:/ST/STM32CubeCLT_1.15.0/GNU-tools-for-STM32/bin/../lib/gcc/arm-none-eabi/12.3.1/../../../../arm-none-eabi/lib/thumb/v7e-m+fp/hard\libg_nano.a(libc_a-init.o)

.debug_line_str
                0x00000000       0x62
 .debug_line_str
                0x00000000       0x62 CMakeFiles/application.dir/startup_stm32f407xx.s.obj

.debug_loclists
                0x00000000       0x8b
 .debug_loclists
                0x00000000       0x47 C:/ST/STM32CubeCLT_1.15.0/GNU-tools-for-STM32/bin/../lib/gcc/arm-none-eabi/12.3.1/../../../../arm-none-eabi/lib/thumb/v7e-m+fp/hard\libg_nano.a(libc_a-memset.o)
 .debug_loclists
                0x00000047       0x44 C:/ST/STM32CubeCLT_1.15.0/GNU-tools-for-STM32/bin/../lib/gcc/arm-none-eabi/12.3.1/../../../../arm-none-eabi/lib/thumb/v7e-m+fp/hard\libg_nano.a(libc_a-init.o)
